make[1]: Entering directory '/home/mg/.cache/fay-build/wip/drivers/gpu/drm/apple'
  CC [M]  dcp.o
  CC [M]  afk.o
  CC [M]  apple_drv.o
  CC [M]  dptxep.o
  CC [M]  dcp_backlight.o
  CC [M]  parser.o
  CC [M]  systemep.o
  CC [M]  iomfb.o
  CC [M]  audio.o
  CC [M]  av.o
  CC [M]  connector.o
  CC [M]  ibootep.o
  CC [M]  iomfb_v12_3.o
  CC [M]  iomfb_v13_3.o
  CC [M]  iomfb_v14_7.o
  CC [M]  epic/dpavservep.o
  CC [M]  plane.o
  CC [M]  trace.o
  LD [M]  appledrm.o
  MODPOST Module.symvers
  CC [M]  appledrm.mod.o
  CC [M]  .module-common.o
  LD [M]  appledrm.ko
make[1]: Leaving directory '/home/mg/.cache/fay-build/wip/drivers/gpu/drm/apple'

real	0m6.078s
user	0m20.320s
sys	0m0.802s
